
Loading weights:   0%|          | 0/473 [00:00<?, ?it/s]
Loading weights:  13%|█▎        | 62/473 [00:00<00:00, 536.82it/s]
Loading weights:  27%|██▋       | 128/473 [00:00<00:00, 600.11it/s]
Loading weights:  40%|███▉      | 189/473 [00:00<00:00, 599.62it/s]
Loading weights:  53%|█████▎    | 250/473 [00:00<00:00, 560.81it/s]
Loading weights: 100%|██████████| 473/473 [00:00<00:00, 928.39it/s]
[transformers] `causal_conv1d_fn` is falling back to its reference PyTorch implementation because `causal_conv1d` is not installed. This is correct but much slower; install `causal_conv1d` for the optimized kernel.
[transformers] `chunk_gated_delta_rule` is falling back to its reference PyTorch implementation because `flash-linear-attention` is not installed. This is correct but much slower; install `flash-linear-attention` for the optimized kernel.
[transformers] `causal_conv1d_update` is falling back to its reference PyTorch implementation because `causal_conv1d` is not installed. This is correct but much slower; install `causal_conv1d` for the optimized kernel.
[transformers] `fused_recurrent_gated_delta_rule` is falling back to its reference PyTorch implementation because `flash-linear-attention` is not installed. This is correct but much slower; install `flash-linear-attention` for the optimized kernel.
{"role": "development", "families": {"numeric_rule": {"count": 896, "accuracy": 0.9631696428571429, "nll": 0.4341680792513755, "brier": 0.07308841054218781, "ece_10_bins": 0.03674441027630409, "nll_floor_sensitivity": {"1e-12": 0.4341680792513755, "0.001": 0.24385704812225747, "0.005": 0.18987887835641898, "0.01": 0.1658972236718673}}, "ordinal_rule": {"count": 210, "accuracy": 0.9904761904761905, "nll": 0.019170145049928852, "brier": 0.012270183762966748, "ece_10_bins": 0.008692183924220335, "score_mae": 0.010493615574480432, "score_normalized_mae": 0.00437941981897411, "nll_floor_sensitivity": {"1e-12": 0.019170145049928852, "0.001": 0.019170145049928852, "0.005": 0.019170145049928852, "0.01": 0.019170145049928852}}, "inference": {"count": 360, "accuracy": 0.7833333333333333, "nll": 1.0389231748045402, "brier": 0.39170337224985746, "ece_10_bins": 0.17729490198538556, "nll_floor_sensitivity": {"1e-12": 1.0389231748045402, "0.001": 1.0014024657450136, "0.005": 0.9065828973862201, "0.01": 0.8346524011721377}}, "paraphrase": {"count": 142, "accuracy": 0.8028169014084507, "nll": 0.9451542890168985, "brier": 0.3568979826462151, "ece_10_bins": 0.1712654505800029, "nll_floor_sensitivity": {"1e-12": 0.9451542890168985, "0.001": 0.9005198420006618, "0.005": 0.8027120690337867, "0.01": 0.7324198398652023}}, "intent": {"count": 352, "accuracy": 0.8039772727272727, "nll": 1.4143916218413926, "brier": 0.354031443562234, "ece_10_bins": 0.15723352364949994, "nll_floor_sensitivity": {"1e-12": 1.4143916218413926, "0.001": 1.1206922289525159, "0.005": 0.937231892791307, "0.01": 0.843171040276784}}, "reading_boolean": {"count": 129, "accuracy": 0.8449612403100775, "nll": 0.6869682446542104, "brier": 0.25709003456970775, "ece_10_bins": 0.13369949402633596, "nll_floor_sensitivity": {"1e-12": 0.6869682446542104, "0.001": 0.6567146717157719, "0.005": 0.5710516803375751, "0.01": 0.5226925747171138}}, "candidate_extraction": {"count": 60, "accuracy": 0.8833333333333333, "nll": 0.7149521079663627, "brier": 0.20100162929538562, "ece_10_bins": 0.09940396589667472, "nll_floor_sensitivity": {"1e-12": 0.7149521079663627, "0.001": 0.5580456235880893, "0.005": 0.4512485369133982, "0.01": 0.40503872487606857}}, "candidate_retrieval": {"count": 35, "accuracy": 1.0, "nll": 0.0032997326093488987, "brier": 0.0005372396139466711, "ece_10_bins": 0.0031522138573544245, "nll_floor_sensitivity": {"1e-12": 0.0032997326093488987, "0.001": 0.0032997326093488987, "0.005": 0.0032997326093488987, "0.01": 0.0032997326093488987}}}}

Loading weights:   0%|          | 0/473 [00:00<?, ?it/s]
Loading weights:  11%|█         | 50/473 [00:00<00:00, 481.46it/s]
Loading weights:  23%|██▎       | 109/473 [00:00<00:00, 540.01it/s]
Loading weights:  35%|███▍      | 164/473 [00:00<00:00, 514.33it/s]
Loading weights:  47%|████▋     | 224/473 [00:00<00:00, 536.62it/s]
Loading weights: 100%|██████████| 473/473 [00:00<00:00, 916.50it/s]
{"role": "calibration", "families": {"inference": {"count": 210, "accuracy": 0.8142857142857143, "nll": 0.8958379359477073, "brier": 0.3344361386332176, "ece_10_bins": 0.1459327257422176, "nll_floor_sensitivity": {"1e-12": 0.8958379359477073, "0.001": 0.8493877324207788, "0.005": 0.7593645156065912, "0.01": 0.7076061172462895}}, "intent": {"count": 232, "accuracy": 0.7931034482758621, "nll": 1.4658477143241961, "brier": 0.34069442465606037, "ece_10_bins": 0.14337553675107406, "nll_floor_sensitivity": {"1e-12": 1.4658477143241961, "0.001": 1.1317850655076838, "0.005": 0.9319415186717194, "0.01": 0.8340579711371462}}, "numeric_rule": {"count": 170, "accuracy": 0.9588235294117647, "nll": 0.41352716568450404, "brier": 0.07912397558838195, "ece_10_bins": 0.040221299349634976, "nll_floor_sensitivity": {"1e-12": 0.41352716568450404, "0.001": 0.2551232083722762, "0.005": 0.1983195173451903, "0.01": 0.17385549920778046}}, "ordinal_rule": {"count": 210, "accuracy": 0.9857142857142858, "nll": 0.03065011794913439, "brier": 0.01934405010357858, "ece_10_bins": 0.010641130893362832, "score_mae": 0.012259530364666095, "score_normalized_mae": 0.0028667557488817846, "nll_floor_sensitivity": {"1e-12": 0.03065011794913439, "0.001": 0.03065011794913439, "0.005": 0.03065011794913439, "0.01": 0.03065011794913439}}, "candidate_retrieval": {"count": 25, "accuracy": 1.0, "nll": 0.00011577033089617295, "brier": 1.0483956814950081e-07, "ece_10_bins": 0.00011574168457562095, "nll_floor_sensitivity": {"1e-12": 0.00011577033089617295, "0.001": 0.00011577033089617295, "0.005": 0.00011577033089617295, "0.01": 0.00011577033089617295}}, "paraphrase": {"count": 100, "accuracy": 0.75, "nll": 1.3632031589965419, "brier": 0.44482338668000837, "ece_10_bins": 0.22022487919615685, "nll_floor_sensitivity": {"1e-12": 1.3632031589965419, "0.001": 1.194230221921943, "0.005": 1.0293304523926587, "0.01": 0.9327206824809623}}, "reading_boolean": {"count": 81, "accuracy": 0.8518518518518519, "nll": 0.595572695566938, "brier": 0.25789296479721413, "ece_10_bins": 0.1250186646706728, "nll_floor_sensitivity": {"1e-12": 0.595572695566938, "0.001": 0.5408232242858126, "0.005": 0.5010840165713903, "0.01": 0.47901192345832666}}, "candidate_extraction": {"count": 40, "accuracy": 0.85, "nll": 0.9714434974542927, "brier": 0.24520537014245095, "ece_10_bins": 0.13732056592250672, "nll_floor_sensitivity": {"1e-12": 0.9714434974542927, "0.001": 0.7558820405531058, "0.005": 0.5949382493096957, "0.01": 0.5256235312537012}}}}
{
  "candidate": "results\\phase4\\condition-v3-seed2026\\adapter",
  "macro_accuracy": 0.8840084893057252,
  "macro_brier": 0.17833230203398864,
  "temperatures": {
    "choice": 2.1435469250725863,
    "noul": 4.23785237743718,
    "score": 2.0232388806038446
  }
}
