
Loading weights:   0%|          | 0/473 [00:00<?, ?it/s]
Loading weights:  11%|█         | 53/473 [00:00<00:00, 495.63it/s]
Loading weights:  22%|██▏       | 103/473 [00:00<00:00, 373.58it/s]
Loading weights:  32%|███▏      | 150/473 [00:00<00:00, 409.15it/s]
Loading weights: 100%|██████████| 473/473 [00:00<00:00, 1125.35it/s]
[transformers] `causal_conv1d_fn` is falling back to its reference PyTorch implementation because `causal_conv1d` is not installed. This is correct but much slower; install `causal_conv1d` for the optimized kernel.
[transformers] `chunk_gated_delta_rule` is falling back to its reference PyTorch implementation because `flash-linear-attention` is not installed. This is correct but much slower; install `flash-linear-attention` for the optimized kernel.
[transformers] `causal_conv1d_update` is falling back to its reference PyTorch implementation because `causal_conv1d` is not installed. This is correct but much slower; install `causal_conv1d` for the optimized kernel.
[transformers] `fused_recurrent_gated_delta_rule` is falling back to its reference PyTorch implementation because `flash-linear-attention` is not installed. This is correct but much slower; install `flash-linear-attention` for the optimized kernel.
{"role": "development", "families": {"numeric_rule": {"count": 896, "accuracy": 0.9631696428571429, "nll": 0.3751105142656295, "brier": 0.0729549685740554, "ece_10_bins": 0.03669054771091706, "nll_floor_sensitivity": {"1e-12": 0.3751105142656295, "0.001": 0.23435519654346143, "0.005": 0.18585650945002313, "0.01": 0.16407283939956913}}, "ordinal_rule": {"count": 210, "accuracy": 0.9904761904761905, "nll": 0.018356591857001028, "brier": 0.01253107393417762, "ece_10_bins": 0.008666041026235452, "score_mae": 0.011365520879201825, "score_normalized_mae": 0.004579424119295427, "nll_floor_sensitivity": {"1e-12": 0.018356591857001028, "0.001": 0.018356591857001028, "0.005": 0.018356591857001028, "0.01": 0.018356591857001028}}, "inference": {"count": 360, "accuracy": 0.7861111111111111, "nll": 0.9029403470120447, "brier": 0.379150733427517, "ece_10_bins": 0.16551410607982972, "nll_floor_sensitivity": {"1e-12": 0.9029403470120447, "0.001": 0.8844042216484976, "0.005": 0.8357255608165578, "0.01": 0.7864162727626772}}, "paraphrase": {"count": 142, "accuracy": 0.8169014084507042, "nll": 0.7580848513690117, "brier": 0.33728030650107776, "ece_10_bins": 0.17012694343541124, "nll_floor_sensitivity": {"1e-12": 0.7580848513690117, "0.001": 0.7486305837410215, "0.005": 0.7209610249266821, "0.01": 0.6815384836654584}}, "intent": {"count": 352, "accuracy": 0.8039772727272727, "nll": 1.317092431569491, "brier": 0.342266113146442, "ece_10_bins": 0.14647709104098522, "nll_floor_sensitivity": {"1e-12": 1.317092431569491, "0.001": 1.0827168013275694, "0.005": 0.908890219685977, "0.01": 0.826028967600286}}, "reading_boolean": {"count": 129, "accuracy": 0.8372093023255814, "nll": 0.6437003055338445, "brier": 0.27161274183819367, "ece_10_bins": 0.12280773303074549, "nll_floor_sensitivity": {"1e-12": 0.6437003055338445, "0.001": 0.6289433016385977, "0.005": 0.5735390260908799, "0.01": 0.5296976442683986}}, "candidate_extraction": {"count": 60, "accuracy": 0.8833333333333333, "nll": 0.65919131186868, "brier": 0.19488097961483242, "ece_10_bins": 0.10365035935683112, "nll_floor_sensitivity": {"1e-12": 0.65919131186868, "0.001": 0.5437286580929571, "0.005": 0.4535471059969511, "0.01": 0.40733729395962137}}, "candidate_retrieval": {"count": 35, "accuracy": 1.0, "nll": 0.005655099756281972, "brier": 0.001324128108715398, "ece_10_bins": 0.0052754904429904645, "nll_floor_sensitivity": {"1e-12": 0.005655099756281972, "0.001": 0.005655099756281972, "0.005": 0.005655099756281972, "0.01": 0.005655099756281972}}}}

Loading weights:   0%|          | 0/473 [00:00<?, ?it/s]
Loading weights:  10%|█         | 48/473 [00:00<00:00, 441.96it/s]
Loading weights:  27%|██▋       | 128/473 [00:00<00:00, 636.03it/s]
Loading weights:  41%|████      | 193/473 [00:00<00:00, 605.60it/s]
Loading weights:  54%|█████▎    | 254/473 [00:00<00:00, 568.45it/s]
Loading weights:  71%|███████   | 337/473 [00:00<00:00, 649.82it/s]
Loading weights: 100%|██████████| 473/473 [00:00<00:00, 807.44it/s]
{"role": "calibration", "families": {"inference": {"count": 210, "accuracy": 0.8142857142857143, "nll": 0.7870430922586297, "brier": 0.3294453182859367, "ece_10_bins": 0.15042676104835812, "nll_floor_sensitivity": {"1e-12": 0.7870430922586297, "0.001": 0.7727936824787421, "0.005": 0.7192551730210804, "0.01": 0.6738945915107598}}, "intent": {"count": 232, "accuracy": 0.7931034482758621, "nll": 1.3849291766448464, "brier": 0.3367796304104779, "ece_10_bins": 0.14218562884916897, "nll_floor_sensitivity": {"1e-12": 1.3849291766448464, "0.001": 1.1148928893331533, "0.005": 0.9281029194674815, "0.01": 0.8328738049211569}}, "numeric_rule": {"count": 170, "accuracy": 0.9647058823529412, "nll": 0.36479054070906325, "brier": 0.0705754160242892, "ece_10_bins": 0.03520974183901848, "nll_floor_sensitivity": {"1e-12": 0.36479054070906325, "0.001": 0.24388429982038126, "0.005": 0.18708060879329536, "0.01": 0.1626165906558855}}, "ordinal_rule": {"count": 210, "accuracy": 0.9904761904761905, "nll": 0.012442835439531735, "brier": 0.00831311720989065, "ece_10_bins": 0.0053284651098797625, "score_mae": 0.009215679822134965, "score_normalized_mae": 0.0021873820616832443, "nll_floor_sensitivity": {"1e-12": 0.012442835439531735, "0.001": 0.012442835439531735, "0.005": 0.012442835439531735, "0.01": 0.012442835439531735}}, "candidate_retrieval": {"count": 25, "accuracy": 1.0, "nll": 0.00024158030097693869, "brier": 4.6246773144660004e-07, "ece_10_bins": 0.00024145593153623857, "nll_floor_sensitivity": {"1e-12": 0.00024158030097693869, "0.001": 0.00024158030097693869, "0.005": 0.00024158030097693869, "0.01": 0.00024158030097693869}}, "paraphrase": {"count": 100, "accuracy": 0.77, "nll": 1.1595232644678994, "brier": 0.43526651486340495, "ece_10_bins": 0.23450205184671302, "nll_floor_sensitivity": {"1e-12": 1.1595232644678994, "0.001": 1.0683289704531138, "0.005": 0.9649875288415708, "0.01": 0.889015761262782}}, "reading_boolean": {"count": 81, "accuracy": 0.8518518518518519, "nll": 0.5215949469459304, "brier": 0.24383008436583498, "ece_10_bins": 0.10846996657812144, "nll_floor_sensitivity": {"1e-12": 0.5215949469459304, "0.001": 0.4915322150312611, "0.005": 0.451793007316839, "0.01": 0.43467826211782795}}, "candidate_extraction": {"count": 40, "accuracy": 0.875, "nll": 0.8923570152923188, "brier": 0.23807904880082426, "ece_10_bins": 0.13317715756041743, "nll_floor_sensitivity": {"1e-12": 0.8923570152923188, "0.001": 0.7485636545926921, "0.005": 0.5876198633492822, "0.01": 0.5183051452932876}}}}
{
  "candidate": "results\\phase4\\condition-v3-smallstep-seed2026\\adapter",
  "macro_accuracy": 0.885147282660167,
  "macro_brier": 0.17608012983794905,
  "temperatures": {
    "choice": 2.0232388806038446,
    "noul": 3.6892647743437563,
    "score": 1.109569472067845
  }
}
