
Loading weights:   0%|          | 0/473 [00:00<?, ?it/s]
Loading weights:  11%|█         | 51/473 [00:00<00:00, 497.27it/s]
Loading weights:  22%|██▏       | 104/473 [00:00<00:00, 490.49it/s]
Loading weights:  33%|███▎      | 154/473 [00:00<00:00, 461.70it/s]
Loading weights:  50%|████▉     | 236/473 [00:00<00:00, 590.78it/s]
Loading weights: 100%|██████████| 473/473 [00:00<00:00, 1050.67it/s]
[transformers] `causal_conv1d_fn` is falling back to its reference PyTorch implementation because `causal_conv1d` is not installed. This is correct but much slower; install `causal_conv1d` for the optimized kernel.
[transformers] `chunk_gated_delta_rule` is falling back to its reference PyTorch implementation because `flash-linear-attention` is not installed. This is correct but much slower; install `flash-linear-attention` for the optimized kernel.
[transformers] `causal_conv1d_update` is falling back to its reference PyTorch implementation because `causal_conv1d` is not installed. This is correct but much slower; install `causal_conv1d` for the optimized kernel.
[transformers] `fused_recurrent_gated_delta_rule` is falling back to its reference PyTorch implementation because `flash-linear-attention` is not installed. This is correct but much slower; install `flash-linear-attention` for the optimized kernel.
{"role": "development", "families": {"numeric_rule": {"count": 896, "accuracy": 0.9642857142857143, "nll": 0.3817909453038052, "brier": 0.06722626651302363, "ece_10_bins": 0.03422019488375903, "nll_floor_sensitivity": {"1e-12": 0.3817909453038052, "0.001": 0.21469948222202445, "0.005": 0.1698286950524789, "0.01": 0.150488650952034}}, "ordinal_rule": {"count": 210, "accuracy": 0.9904761904761905, "nll": 0.018957142910009932, "brier": 0.013843647851321646, "ece_10_bins": 0.010707759351682953, "score_mae": 0.011134472161672434, "score_normalized_mae": 0.004635293701432106, "nll_floor_sensitivity": {"1e-12": 0.018957142910009932, "0.001": 0.018957142910009932, "0.005": 0.018957142910009932, "0.01": 0.018957142910009932}}, "inference": {"count": 360, "accuracy": 0.7805555555555556, "nll": 1.0501251280981054, "brier": 0.3887194904096479, "ece_10_bins": 0.18126402378955556, "nll_floor_sensitivity": {"1e-12": 1.0501251280981054, "0.001": 1.0032274970312216, "0.005": 0.906891951885588, "0.01": 0.8359346355772099}}, "paraphrase": {"count": 142, "accuracy": 0.8169014084507042, "nll": 0.9163012127020943, "brier": 0.3431729109897749, "ece_10_bins": 0.16458755929497448, "nll_floor_sensitivity": {"1e-12": 0.9163012127020943, "0.001": 0.8773764313598034, "0.005": 0.8048767307009898, "0.01": 0.7332396507451838}}, "intent": {"count": 352, "accuracy": 0.7982954545454546, "nll": 1.5219775302548904, "brier": 0.3554080828687891, "ece_10_bins": 0.16329271729975398, "nll_floor_sensitivity": {"1e-12": 1.5219775302548904, "0.001": 1.151917653080467, "0.005": 0.9441139753638019, "0.01": 0.8431204689966054}}, "reading_boolean": {"count": 129, "accuracy": 0.8372093023255814, "nll": 0.7376063540543745, "brier": 0.28401520112945905, "ece_10_bins": 0.13651608328587, "nll_floor_sensitivity": {"1e-12": 0.7376063540543745, "0.001": 0.6962246047643609, "0.005": 0.6129676186018883, "0.01": 0.564608512981427}}, "candidate_extraction": {"count": 60, "accuracy": 0.9, "nll": 0.6945691039165286, "brier": 0.19527478011329974, "ece_10_bins": 0.10505909346547125, "nll_floor_sensitivity": {"1e-12": 0.6945691039165286, "0.001": 0.5398456266570097, "0.005": 0.4455166231335136, "0.01": 0.39930681109618393}}, "candidate_retrieval": {"count": 35, "accuracy": 1.0, "nll": 0.002085457230029809, "brier": 0.00017937515000543536, "ece_10_bins": 0.002037603676918409, "nll_floor_sensitivity": {"1e-12": 0.002085457230029809, "0.001": 0.002085457230029809, "0.005": 0.002085457230029809, "0.01": 0.002085457230029809}}}}

Loading weights:   0%|          | 0/473 [00:00<?, ?it/s]
Loading weights:  10%|▉         | 46/473 [00:00<00:01, 422.66it/s]
Loading weights:  19%|█▉        | 89/473 [00:00<00:01, 345.03it/s]
Loading weights:  26%|██▋       | 125/473 [00:00<00:01, 244.62it/s]
Loading weights:  32%|███▏      | 152/473 [00:00<00:01, 249.20it/s]
Loading weights:  46%|████▌     | 218/473 [00:00<00:00, 364.95it/s]
Loading weights: 100%|██████████| 473/473 [00:00<00:00, 672.78it/s]
{"role": "calibration", "families": {"inference": {"count": 210, "accuracy": 0.819047619047619, "nll": 0.8996165390061835, "brier": 0.325765231265758, "ece_10_bins": 0.1503609429124461, "nll_floor_sensitivity": {"1e-12": 0.8996165390061835, "0.001": 0.8447191072524006, "0.005": 0.753902901652796, "0.01": 0.6938824667955121}}, "intent": {"count": 232, "accuracy": 0.7887931034482759, "nll": 1.5650054270063924, "brier": 0.35579539349504513, "ece_10_bins": 0.1640901783263052, "nll_floor_sensitivity": {"1e-12": 1.5650054270063924, "0.001": 1.1535155672545825, "0.005": 0.9479402401632332, "0.01": 0.8465204335560667}}, "numeric_rule": {"count": 170, "accuracy": 0.9647058823529412, "nll": 0.3838326262948482, "brier": 0.0705725463281473, "ece_10_bins": 0.03528502118970589, "nll_floor_sensitivity": {"1e-12": 0.3838326262948482, "0.001": 0.24380830079174695, "0.005": 0.18700460976466105, "0.01": 0.16254059162725124}}, "ordinal_rule": {"count": 210, "accuracy": 0.9904761904761905, "nll": 0.021521684637832186, "brier": 0.015136163004722435, "ece_10_bins": 0.00952527300697938, "score_mae": 0.010955067496009914, "score_normalized_mae": 0.002608634384350932, "nll_floor_sensitivity": {"1e-12": 0.021521684637832186, "0.001": 0.021521684637832186, "0.005": 0.021521684637832186, "0.01": 0.021521684637832186}}, "candidate_retrieval": {"count": 25, "accuracy": 1.0, "nll": 8.19245538945469e-05, "brier": 4.774836229215149e-08, "ece_10_bins": 8.191130951473724e-05, "nll_floor_sensitivity": {"1e-12": 8.19245538945469e-05, "0.001": 8.19245538945469e-05, "0.005": 8.19245538945469e-05, "0.01": 8.19245538945469e-05}}, "paraphrase": {"count": 100, "accuracy": 0.77, "nll": 1.442432847814215, "brier": 0.4525828269752079, "ece_10_bins": 0.22532791074741304, "nll_floor_sensitivity": {"1e-12": 1.442432847814215, "0.001": 1.260348302887556, "0.005": 1.0698659880749837, "0.01": 0.9742069593189068}}, "reading_boolean": {"count": 81, "accuracy": 0.8518518518518519, "nll": 0.6122264317037814, "brier": 0.2543666165745806, "ece_10_bins": 0.12828360902791175, "nll_floor_sensitivity": {"1e-12": 0.6122264317037814, "0.001": 0.5559339083682153, "0.005": 0.516194700653793, "0.01": 0.4925891100722075}}, "candidate_extraction": {"count": 40, "accuracy": 0.85, "nll": 0.982907242026371, "brier": 0.25833910516765907, "ece_10_bins": 0.13506034468576159, "nll_floor_sensitivity": {"1e-12": 0.982907242026371, "0.001": 0.7704722566584876, "0.005": 0.6095284654150775, "0.01": 0.540213747359083}}}}
{
  "candidate": "results\\phase4\\condition-seed2026\\adapter",
  "macro_accuracy": 0.8859654532049002,
  "macro_brier": 0.17606729461753898,
  "temperatures": {
    "choice": 2.2710088581417547,
    "noul": 4.387299918778504,
    "score": 1.8877486253633866
  }
}
