
Loading weights:   0%|          | 0/473 [00:00<?, ?it/s]
Loading weights:  10%|█         | 49/473 [00:00<00:00, 470.77it/s]
Loading weights:  21%|██        | 97/473 [00:00<00:00, 457.41it/s]
Loading weights:  30%|███       | 144/473 [00:00<00:00, 448.64it/s]
Loading weights:  45%|████▍     | 211/473 [00:00<00:00, 527.48it/s]
Loading weights: 100%|██████████| 473/473 [00:00<00:00, 974.16it/s]
[transformers] `causal_conv1d_fn` is falling back to its reference PyTorch implementation because `causal_conv1d` is not installed. This is correct but much slower; install `causal_conv1d` for the optimized kernel.
[transformers] `chunk_gated_delta_rule` is falling back to its reference PyTorch implementation because `flash-linear-attention` is not installed. This is correct but much slower; install `flash-linear-attention` for the optimized kernel.
[transformers] `causal_conv1d_update` is falling back to its reference PyTorch implementation because `causal_conv1d` is not installed. This is correct but much slower; install `causal_conv1d` for the optimized kernel.
[transformers] `fused_recurrent_gated_delta_rule` is falling back to its reference PyTorch implementation because `flash-linear-attention` is not installed. This is correct but much slower; install `flash-linear-attention` for the optimized kernel.
{"role": "development", "families": {"numeric_rule": {"count": 896, "accuracy": 0.9587053571428571, "nll": 0.4923313213960898, "brier": 0.08253913238418838, "ece_10_bins": 0.041152978972850085, "nll_floor_sensitivity": {"1e-12": 0.4923313213960898, "0.001": 0.281380498610561, "0.005": 0.21845730646887204, "0.01": 0.19029800455563795}}, "ordinal_rule": {"count": 210, "accuracy": 0.9904761904761905, "nll": 0.016054562875298835, "brier": 0.011429556555615967, "ece_10_bins": 0.007857949297706404, "score_mae": 0.010857181592251788, "score_normalized_mae": 0.004423699036272725, "nll_floor_sensitivity": {"1e-12": 0.016054562875298835, "0.001": 0.016054562875298835, "0.005": 0.016054562875298835, "0.01": 0.016054562875298835}}, "inference": {"count": 360, "accuracy": 0.7833333333333333, "nll": 1.0761330252613692, "brier": 0.38458171670284397, "ece_10_bins": 0.17765612717992102, "nll_floor_sensitivity": {"1e-12": 1.0761330252613692, "0.001": 1.0169816367538465, "0.005": 0.898986408679331, "0.01": 0.8250398644615747}}, "paraphrase": {"count": 142, "accuracy": 0.8098591549295775, "nll": 0.973496255754568, "brier": 0.34969779746508284, "ece_10_bins": 0.16978899519247206, "nll_floor_sensitivity": {"1e-12": 0.973496255754568, "0.001": 0.9354515561608974, "0.005": 0.8293252518289638, "0.01": 0.7544564899637102}}, "intent": {"count": 352, "accuracy": 0.78125, "nll": 1.5051667660147239, "brier": 0.37681856737546354, "ece_10_bins": 0.17246808994053453, "nll_floor_sensitivity": {"1e-12": 1.5051667660147239, "0.001": 1.1680968873986577, "0.005": 0.9768448414853537, "0.01": 0.881919040043011}}, "reading_boolean": {"count": 129, "accuracy": 0.8449612403100775, "nll": 0.7280033552906019, "brier": 0.2716657560654603, "ece_10_bins": 0.13108386967822266, "nll_floor_sensitivity": {"1e-12": 0.7280033552906019, "0.001": 0.6897728888358668, "0.005": 0.6033710633896174, "0.01": 0.5550119577691561}}, "candidate_extraction": {"count": 60, "accuracy": 0.9, "nll": 0.682800387864943, "brier": 0.17425829436758097, "ece_10_bins": 0.07930848570552664, "nll_floor_sensitivity": {"1e-12": 0.682800387864943, "0.001": 0.5155867399119607, "0.005": 0.4150407419664802, "0.01": 0.3688309299291505}}, "candidate_retrieval": {"count": 35, "accuracy": 1.0, "nll": 0.0019119092975988239, "brier": 0.00017131476798992745, "ece_10_bins": 0.0018663582701663461, "nll_floor_sensitivity": {"1e-12": 0.0019119092975988239, "0.001": 0.0019119092975988239, "0.005": 0.0019119092975988239, "0.01": 0.0019119092975988239}}}}

Loading weights:   0%|          | 0/473 [00:00<?, ?it/s]
Loading weights:  10%|█         | 48/473 [00:00<00:00, 473.28it/s]
Loading weights:  20%|██        | 96/473 [00:00<00:00, 422.09it/s]
Loading weights:  29%|██▉       | 139/473 [00:00<00:00, 424.10it/s]
Loading weights:  38%|███▊      | 182/473 [00:00<00:00, 330.85it/s]
Loading weights:  50%|████▉     | 236/473 [00:00<00:00, 392.13it/s]
Loading weights: 100%|██████████| 473/473 [00:00<00:00, 727.65it/s]
{"role": "calibration", "families": {"inference": {"count": 210, "accuracy": 0.8285714285714286, "nll": 0.9184135127121964, "brier": 0.320241972262833, "ece_10_bins": 0.1442334202638193, "nll_floor_sensitivity": {"1e-12": 0.9184135127121964, "0.001": 0.8438495859747235, "0.005": 0.7444534797586219, "0.01": 0.6812371228131864}}, "intent": {"count": 232, "accuracy": 0.7974137931034483, "nll": 1.5112310342967203, "brier": 0.33964706231356173, "ece_10_bins": 0.14040945862043183, "nll_floor_sensitivity": {"1e-12": 1.5112310342967203, "0.001": 1.1454508718698755, "0.005": 0.935909206240782, "0.01": 0.8340661434574929}}, "numeric_rule": {"count": 170, "accuracy": 0.9588235294117647, "nll": 0.3483238409170298, "brier": 0.08234208122977302, "ece_10_bins": 0.04050200145121826, "nll_floor_sensitivity": {"1e-12": 0.3483238409170298, "0.001": 0.26747564223009623, "0.005": 0.21765157160665305, "0.01": 0.19155557691571537}}, "ordinal_rule": {"count": 210, "accuracy": 0.9952380952380953, "nll": 0.01245214176119435, "brier": 0.00826214424037154, "ece_10_bins": 0.005723377878240575, "score_mae": 0.010999102228398049, "score_normalized_mae": 0.003429708887520647, "nll_floor_sensitivity": {"1e-12": 0.01245214176119435, "0.001": 0.01245214176119435, "0.005": 0.01245214176119435, "0.01": 0.01245214176119435}}, "candidate_retrieval": {"count": 25, "accuracy": 1.0, "nll": 6.81870073609701e-05, "brier": 3.308754032672483e-08, "ece_10_bins": 6.817752079368855e-05, "nll_floor_sensitivity": {"1e-12": 6.81870073609701e-05, "0.001": 6.81870073609701e-05, "0.005": 6.81870073609701e-05, "0.01": 6.81870073609701e-05}}, "paraphrase": {"count": 100, "accuracy": 0.76, "nll": 1.4112508511230475, "brier": 0.44660601336414835, "ece_10_bins": 0.2217315653398672, "nll_floor_sensitivity": {"1e-12": 1.4112508511230475, "0.001": 1.255413699927874, "0.005": 1.0707224930643118, "0.01": 0.9749050912147114}}, "reading_boolean": {"count": 81, "accuracy": 0.8395061728395061, "nll": 0.6594997457849927, "brier": 0.27738706540711944, "ece_10_bins": 0.13416861271611757, "nll_floor_sensitivity": {"1e-12": 0.6594997457849927, "0.001": 0.6078363122505772, "0.005": 0.5640195408422958, "0.01": 0.5383474230437794}}, "candidate_extraction": {"count": 40, "accuracy": 0.85, "nll": 1.0158525361905653, "brier": 0.2502047491427871, "ece_10_bins": 0.13237920251302848, "nll_floor_sensitivity": {"1e-12": 1.0158525361905653, "0.001": 0.7596737357980323, "0.005": 0.5987299445546224, "0.01": 0.5294152264986278}}}}
{
  "candidate": "results\\phase4\\condition-v2-seed2026\\adapter",
  "macro_accuracy": 0.8835731595240045,
  "macro_brier": 0.17719278741805736,
  "temperatures": {
    "choice": 2.2449240966187456,
    "noul": 4.336907481205674,
    "score": 1.0717734625362931
  }
}
