
Loading weights:   0%|          | 0/473 [00:00<?, ?it/s]
Loading weights:   8%|▊         | 40/473 [00:00<00:01, 396.20it/s]
Loading weights:  17%|█▋        | 80/473 [00:00<00:00, 396.78it/s]
Loading weights:  27%|██▋       | 130/473 [00:00<00:00, 429.79it/s]
Loading weights:  45%|████▍     | 211/473 [00:00<00:00, 575.11it/s]
Loading weights: 100%|██████████| 473/473 [00:00<00:00, 1056.94it/s]
[transformers] `causal_conv1d_fn` is falling back to its reference PyTorch implementation because `causal_conv1d` is not installed. This is correct but much slower; install `causal_conv1d` for the optimized kernel.
[transformers] `chunk_gated_delta_rule` is falling back to its reference PyTorch implementation because `flash-linear-attention` is not installed. This is correct but much slower; install `flash-linear-attention` for the optimized kernel.
{
  "checks": {
    "retain_each_development_task_within_2pp": false,
    "retain_new_condition_accuracy": true,
    "new_gate_and_missing_each_95pct": true,
    "legacy_accuracy_recovers_predecessor": true,
    "legacy_gate_and_missing_each_90pct": true
  },
  "fresh": {
    "count": 720,
    "correct": 706,
    "accuracy": 0.9805555555555555
  },
  "legacy": {
    "count": 172,
    "correct": 166,
    "accuracy": 0.9651162790697675
  },
  "retention": {
    "predecessor": {
      "macro": {
        "local": 0.875117965766764,
        "reference": 0.8597374419319534,
        "delta": 0.015380523834810589
      },
      "families": {
        "ordinal_rule": {
          "local": 0.9904761904761905,
          "reference": 0.9904761904761905
        },
        "intent": {
          "local": 0.8039772727272727,
          "reference": 0.7414772727272727
        },
        "paraphrase": {
          "local": 0.8028169014084507,
          "reference": 0.7816901408450704
        },
        "reading_boolean": {
          "local": 0.8449612403100775,
          "reference": 0.8217054263565892
        },
        "inference": {
          "local": 0.7833333333333333,
          "reference": 0.7444444444444445
        },
        "numeric_rule": {
          "local": 0.8920454545454546,
          "reference": 0.9147727272727273
        },
        "candidate_retrieval": {
          "local": 1.0,
          "reference": 1.0
        },
        "candidate_extraction": {
          "local": 0.8833333333333333,
          "reference": 0.8833333333333333
        }
      }
    },
    "instruction-parent": {
      "macro": {
        "local": 0.875117965766764,
        "reference": 0.8797842212424181,
        "delta": -0.004666255475654024
      },
      "families": {
        "ordinal_rule": {
          "local": 0.9904761904761905,
          "reference": 0.9904761904761905
        },
        "intent": {
          "local": 0.8039772727272727,
          "reference": 0.8011363636363636
        },
        "paraphrase": {
          "local": 0.8028169014084507,
          "reference": 0.8169014084507042
        },
        "reading_boolean": {
          "local": 0.8449612403100775,
          "reference": 0.8372093023255814
        },
        "inference": {
          "local": 0.7833333333333333,
          "reference": 0.7777777777777778
        },
        "numeric_rule": {
          "local": 0.8920454545454546,
          "reference": 0.9147727272727273
        },
        "candidate_retrieval": {
          "local": 1.0,
          "reference": 1.0
        },
        "candidate_extraction": {
          "local": 0.8833333333333333,
          "reference": 0.9
        }
      }
    }
  }
}
