Using CPython 3.12.14
Creating virtual environment at: .venv
Resolved 76 packages in 3ms
   Building necro @ file:///root/autodl-tmp/necro-unified-2026-09-21/workspace-fast
      Built necro @ file:///root/autodl-tmp/necro-unified-2026-09-21/workspace-fast
Prepared 1 package in 1.59s
Installed 73 packages in 634ms
 + accelerate==1.15.0
 + annotated-doc==0.0.5
 + annotated-types==0.8.0
 + anyio==4.15.1
 + certifi==2026.7.22
 + click==8.5.0
 + cuda-bindings==12.9.4
 + cuda-pathfinder==1.8.2
 + fastapi==0.141.1
 + filelock==4.0.1
 + fsspec==2026.9.0
 + h11==0.16.0
 + hf-xet==1.6.0
 + httpcore==1.0.9
 + httpcore2==2.13.0
 + httpx==0.28.1
 + httpx2==2.13.0
 + huggingface-hub==1.32.0
 + idna==3.20
 + iniconfig==2.3.0
 + jinja2==3.1.6
 + markdown-it-py==4.2.0
 + markupsafe==3.0.3
 + mdurl==0.1.2
 + mpmath==1.3.0
 + necro==0.1.0 (from file:///root/autodl-tmp/necro-unified-2026-09-21/workspace-fast)
 + networkx==3.6.1
 + numpy==2.5.3
 + nvidia-cublas-cu12==12.8.4.1
 + nvidia-cuda-cupti-cu12==12.8.90
 + nvidia-cuda-nvrtc-cu12==12.8.93
 + nvidia-cuda-runtime-cu12==12.8.90
 + nvidia-cudnn-cu12==9.10.2.21
 + nvidia-cufft-cu12==11.3.3.83
 + nvidia-cufile-cu12==1.13.1.3
 + nvidia-curand-cu12==10.3.9.90
 + nvidia-cusolver-cu12==11.7.3.90
 + nvidia-cusparse-cu12==12.5.8.93
 + nvidia-cusparselt-cu12==0.7.1
 + nvidia-nccl-cu12==2.27.5
 + nvidia-nvjitlink-cu12==12.8.93
 + nvidia-nvshmem-cu12==3.4.5
 + nvidia-nvtx-cu12==12.8.90
 + packaging==26.3
 + peft==0.21.0
 + pluggy==1.6.0
 + psutil==7.2.2
 + pydantic==2.13.5
 + pydantic-core==2.46.5
 + pygments==2.21.0
 + pytest==9.1.1
 + python-dotenv==1.2.3
 + pyyaml==6.0.3
 + regex==2026.9.10
 + rich==15.0.0
 + ruff==0.16.8
 + safetensors==0.8.0
 + setuptools==84.0.0
 + shellingham==1.5.4
 + starlette==1.6.0
 + sympy==1.14.0
 + tenacity==9.1.4
 + tokenizers==0.23.2
 + torch==2.10.0+cu128
 + tqdm==4.70.1
 + transformers==5.17.0
 + triton==3.6.0
 + truststore==0.10.4
 + typer==0.27.2
 + typesafe-sdk==0.7.0
 + typing-extensions==4.16.0
 + typing-inspection==0.4.4
 + uvicorn==0.53.0
